2023-07-02 13:51:00,869:INFO:app.py:Collection Already Present
2023-07-02 13:51:00,869:INFO:app.py:Collection Already Present
2023-07-02 13:51:00,869:INFO:app.py:Collection Already Present
2023-07-02 13:51:00,869:INFO:app.py:Collection Already Present
2023-07-02 13:51:00,869:INFO:app.py:Collection Already Present
2023-07-02 15:11:26,400:INFO:app.py:Url hitted
2023-07-02 15:11:26,401:INFO:app.py:Search begins for 
2023-07-02 15:11:40,660:INFO:app.py:Url hitted
2023-07-02 15:11:40,660:INFO:app.py:Url hitted
2023-07-02 15:11:40,660:INFO:app.py:Search begins for 
2023-07-02 15:11:40,660:INFO:app.py:Search begins for 
2023-07-02 15:11:53,566:INFO:app.py:Url hitted
2023-07-02 15:11:53,566:INFO:app.py:Url hitted
2023-07-02 15:11:53,566:INFO:app.py:Url hitted
2023-07-02 15:11:53,567:INFO:app.py:Search begins for wiki
2023-07-02 15:11:53,567:INFO:app.py:Search begins for wiki
2023-07-02 15:11:53,567:INFO:app.py:Search begins for wiki
2023-07-02 15:12:38,361:INFO:app.py:Url hitted
2023-07-02 15:12:38,361:INFO:app.py:Url hitted
2023-07-02 15:12:38,362:INFO:app.py:Search begins for 
2023-07-02 15:12:38,362:INFO:app.py:Search begins for 
2023-07-02 15:12:39,499:INFO:app.py:Url hitted
2023-07-02 15:12:39,499:INFO:app.py:Url hitted
2023-07-02 15:12:39,499:INFO:app.py:Search begins for wiki
2023-07-02 15:12:39,499:INFO:app.py:Search begins for wiki
2023-07-02 15:12:49,964:INFO:app.py:Collection Already Present
2023-07-02 15:12:49,964:INFO:app.py:Collection Already Present
2023-07-02 15:12:49,964:INFO:app.py:Collection Already Present
2023-07-02 15:18:20,076:INFO:app.py:Collection Already Present
2023-07-02 15:18:20,076:INFO:app.py:Collection Already Present
2023-07-02 15:18:20,076:INFO:app.py:Collection Already Present
2023-07-02 15:18:20,076:INFO:app.py:Collection Already Present
2023-07-02 15:18:52,676:INFO:app.py:Collection Already Present
2023-07-02 15:18:52,676:INFO:app.py:Collection Already Present
2023-07-02 15:18:54,417:INFO:app.py:Url hitted
2023-07-02 15:18:54,417:INFO:app.py:Url hitted
2023-07-02 15:18:54,418:INFO:app.py:Search begins for 
2023-07-02 15:18:54,418:INFO:app.py:Search begins for 
2023-07-02 15:19:36,879:INFO:app.py:Url hitted
2023-07-02 15:19:36,879:INFO:app.py:Search begins for 
2023-07-02 15:19:47,975:INFO:app.py:Url hitted
2023-07-02 15:19:47,975:INFO:app.py:Url hitted
2023-07-02 15:19:47,976:INFO:app.py:Search begins for 
2023-07-02 15:19:47,976:INFO:app.py:Search begins for 
2023-07-02 15:29:55,486:INFO:app.py:Url hitted
2023-07-02 15:29:55,486:INFO:app.py:Url hitted
2023-07-02 15:29:55,487:INFO:app.py:Search begins for 
2023-07-02 15:29:55,487:INFO:app.py:Search begins for 
2023-07-02 15:29:56,601:INFO:app.py:Url hitted
2023-07-02 15:29:56,601:INFO:app.py:Url hitted
2023-07-02 15:29:56,601:INFO:app.py:Search begins for 
2023-07-02 15:29:56,601:INFO:app.py:Search begins for 
2023-07-02 15:30:10,998:INFO:app.py:Url hitted
2023-07-02 15:30:10,998:INFO:app.py:Url hitted
2023-07-02 15:30:10,998:INFO:app.py:Url hitted
2023-07-02 15:30:10,998:INFO:app.py:Search begins for hello
2023-07-02 15:30:10,998:INFO:app.py:Search begins for hello
2023-07-02 15:30:10,998:INFO:app.py:Search begins for hello
2023-07-02 15:30:16,792:INFO:app.py:Searching completed
2023-07-02 15:30:16,792:INFO:app.py:Searching completed
2023-07-02 15:30:16,792:INFO:app.py:Searching completed
2023-07-02 15:30:16,792:INFO:app.py:Searching completed
2023-07-02 15:30:16,832:INFO:app.py:Summarization Done
2023-07-02 15:30:16,832:INFO:app.py:Summarization Done
2023-07-02 15:30:16,832:INFO:app.py:Summarization Done
2023-07-02 15:30:16,832:INFO:app.py:Summarization Done
2023-07-02 15:30:17,156:INFO:app.py:Ref_links Fetched
2023-07-02 15:30:17,156:INFO:app.py:Ref_links Fetched
2023-07-02 15:30:17,156:INFO:app.py:Ref_links Fetched
2023-07-02 15:30:17,156:INFO:app.py:Ref_links Fetched
2023-07-02 15:30:17,179:INFO:app.py:Image_links Fetched
2023-07-02 15:30:17,179:INFO:app.py:Image_links Fetched
2023-07-02 15:30:17,179:INFO:app.py:Image_links Fetched
2023-07-02 15:30:17,179:INFO:app.py:Image_links Fetched
2023-07-02 15:30:19,362:INFO:app.py:imgtob64 Done
2023-07-02 15:30:19,362:INFO:app.py:imgtob64 Done
2023-07-02 15:30:19,362:INFO:app.py:imgtob64 Done
2023-07-02 15:30:19,362:INFO:app.py:imgtob64 Done
2023-07-02 15:30:23,547:INFO:app.py:Searching completed
2023-07-02 15:30:23,547:INFO:app.py:Searching completed
2023-07-02 15:30:23,547:INFO:app.py:Searching completed
2023-07-02 15:30:23,547:INFO:app.py:Searching completed
2023-07-02 15:30:23,547:INFO:app.py:Summarization Done
2023-07-02 15:30:23,547:INFO:app.py:Summarization Done
2023-07-02 15:30:23,547:INFO:app.py:Summarization Done
2023-07-02 15:30:23,547:INFO:app.py:Summarization Done
2023-07-02 15:30:24,300:INFO:app.py:Searching completed
2023-07-02 15:30:24,300:INFO:app.py:Searching completed
2023-07-02 15:30:24,300:INFO:app.py:Searching completed
2023-07-02 15:30:24,300:INFO:app.py:Searching completed
2023-07-02 15:30:24,300:INFO:app.py:Summarization Done
2023-07-02 15:30:24,300:INFO:app.py:Summarization Done
2023-07-02 15:30:24,300:INFO:app.py:Summarization Done
2023-07-02 15:30:24,300:INFO:app.py:Summarization Done
2023-07-02 15:30:24,487:INFO:app.py:Data saved in MongoDB
2023-07-02 15:30:24,487:INFO:app.py:Data saved in MongoDB
2023-07-02 15:30:24,487:INFO:app.py:Data saved in MongoDB
2023-07-02 15:30:24,487:INFO:app.py:Data saved in MongoDB
2023-07-02 15:30:28,918:INFO:app.py:Url hitted
2023-07-02 15:30:28,918:INFO:app.py:Url hitted
2023-07-02 15:30:28,918:INFO:app.py:Url hitted
2023-07-02 15:30:28,918:INFO:app.py:Url hitted
2023-07-02 15:30:28,919:INFO:app.py:Search begins for ibm
2023-07-02 15:30:28,919:INFO:app.py:Search begins for ibm
2023-07-02 15:30:28,919:INFO:app.py:Search begins for ibm
2023-07-02 15:30:28,919:INFO:app.py:Search begins for ibm
2023-07-02 15:30:32,785:INFO:app.py:Searching completed
2023-07-02 15:30:32,785:INFO:app.py:Searching completed
2023-07-02 15:30:32,785:INFO:app.py:Searching completed
2023-07-02 15:30:32,785:INFO:app.py:Searching completed
2023-07-02 15:30:32,875:INFO:app.py:Summarization Done
2023-07-02 15:30:32,875:INFO:app.py:Summarization Done
2023-07-02 15:30:32,875:INFO:app.py:Summarization Done
2023-07-02 15:30:32,875:INFO:app.py:Summarization Done
2023-07-02 15:30:35,893:INFO:app.py:Ref_links Fetched
2023-07-02 15:30:35,893:INFO:app.py:Ref_links Fetched
2023-07-02 15:30:35,893:INFO:app.py:Ref_links Fetched
2023-07-02 15:30:35,893:INFO:app.py:Ref_links Fetched
2023-07-02 15:30:35,893:INFO:app.py:Ref_links Fetched
2023-07-02 15:30:36,003:INFO:app.py:Image_links Fetched
2023-07-02 15:30:36,003:INFO:app.py:Image_links Fetched
2023-07-02 15:30:36,003:INFO:app.py:Image_links Fetched
2023-07-02 15:30:36,003:INFO:app.py:Image_links Fetched
2023-07-02 15:30:36,003:INFO:app.py:Image_links Fetched
2023-07-02 15:30:40,575:INFO:app.py:Collection Already Present
2023-07-02 15:30:40,575:INFO:app.py:Collection Already Present
2023-07-02 15:30:40,575:INFO:app.py:Collection Already Present
2023-07-02 15:30:40,575:INFO:app.py:Collection Already Present
2023-07-02 15:30:40,575:INFO:app.py:Collection Already Present
2023-07-02 15:30:41,526:INFO:app.py:imgtob64 Done
2023-07-02 15:30:41,526:INFO:app.py:imgtob64 Done
2023-07-02 15:30:41,526:INFO:app.py:imgtob64 Done
2023-07-02 15:30:41,526:INFO:app.py:imgtob64 Done
2023-07-02 15:30:41,526:INFO:app.py:imgtob64 Done
2023-07-02 15:30:43,940:INFO:app.py:Data saved in MongoDB
2023-07-02 15:30:43,940:INFO:app.py:Data saved in MongoDB
2023-07-02 15:30:43,940:INFO:app.py:Data saved in MongoDB
2023-07-02 15:30:43,940:INFO:app.py:Data saved in MongoDB
2023-07-02 15:30:43,940:INFO:app.py:Data saved in MongoDB
2023-07-02 15:31:32,705:INFO:app.py:Url hitted
2023-07-02 15:31:32,705:INFO:app.py:Search begins for 
2023-07-02 15:31:40,956:INFO:app.py:Collection Already Present
2023-07-02 15:31:40,956:INFO:app.py:Collection Already Present
2023-07-02 15:32:00,399:INFO:app.py:Searching completed
2023-07-02 15:32:00,399:INFO:app.py:Searching completed
2023-07-02 15:32:00,400:INFO:app.py:Summarization Done
2023-07-02 15:32:00,400:INFO:app.py:Summarization Done
2023-07-02 15:36:22,557:INFO:app.py:Url hitted
2023-07-02 15:36:22,557:INFO:app.py:Url hitted
2023-07-02 15:36:22,557:INFO:app.py:Search begins for 
2023-07-02 15:36:22,557:INFO:app.py:Search begins for 
2023-07-02 15:36:23,168:INFO:app.py:Collection Already Present
2023-07-02 15:36:23,168:INFO:app.py:Collection Already Present
2023-07-02 15:36:35,558:INFO:app.py:Collection Already Present
2023-07-02 15:36:35,558:INFO:app.py:Collection Already Present
2023-07-02 15:36:35,558:INFO:app.py:Collection Already Present
2023-07-02 15:37:03,465:INFO:app.py:Searching completed
2023-07-02 15:37:03,465:INFO:app.py:Searching completed
2023-07-02 15:37:03,465:INFO:app.py:Searching completed
2023-07-02 15:37:03,465:INFO:app.py:Summarization Done
2023-07-02 15:37:03,465:INFO:app.py:Summarization Done
2023-07-02 15:37:03,465:INFO:app.py:Summarization Done
2023-07-02 15:37:21,531:INFO:app.py:Url hitted
2023-07-02 15:37:21,531:INFO:app.py:Url hitted
2023-07-02 15:37:21,531:INFO:app.py:Url hitted
2023-07-02 15:37:21,531:INFO:app.py:Url hitted
2023-07-02 15:37:21,531:INFO:app.py:Search begins for nokia
2023-07-02 15:37:21,531:INFO:app.py:Search begins for nokia
2023-07-02 15:37:21,531:INFO:app.py:Search begins for nokia
2023-07-02 15:37:21,531:INFO:app.py:Search begins for nokia
2023-07-02 15:37:23,504:INFO:app.py:Ref_links Fetched
2023-07-02 15:37:23,504:INFO:app.py:Ref_links Fetched
2023-07-02 15:37:23,504:INFO:app.py:Ref_links Fetched
2023-07-02 15:37:23,504:INFO:app.py:Ref_links Fetched
2023-07-02 15:37:26,576:INFO:app.py:Searching completed
2023-07-02 15:37:26,576:INFO:app.py:Searching completed
2023-07-02 15:37:26,576:INFO:app.py:Searching completed
2023-07-02 15:37:26,576:INFO:app.py:Searching completed
2023-07-02 15:37:26,685:INFO:app.py:Summarization Done
2023-07-02 15:37:26,685:INFO:app.py:Summarization Done
2023-07-02 15:37:26,685:INFO:app.py:Summarization Done
2023-07-02 15:37:26,685:INFO:app.py:Summarization Done
2023-07-02 15:37:28,755:INFO:app.py:Ref_links Fetched
2023-07-02 15:37:28,755:INFO:app.py:Ref_links Fetched
2023-07-02 15:37:28,755:INFO:app.py:Ref_links Fetched
2023-07-02 15:37:28,755:INFO:app.py:Ref_links Fetched
2023-07-02 15:37:29,016:INFO:app.py:Image_links Fetched
2023-07-02 15:37:29,016:INFO:app.py:Image_links Fetched
2023-07-02 15:37:29,016:INFO:app.py:Image_links Fetched
2023-07-02 15:37:29,016:INFO:app.py:Image_links Fetched
2023-07-02 15:37:43,524:INFO:app.py:Image_links Fetched
2023-07-02 15:37:43,524:INFO:app.py:Image_links Fetched
2023-07-02 15:37:43,524:INFO:app.py:Image_links Fetched
2023-07-02 15:37:43,524:INFO:app.py:Image_links Fetched
2023-07-02 15:37:43,524:INFO:app.py:imgtob64 Done
2023-07-02 15:37:43,524:INFO:app.py:imgtob64 Done
2023-07-02 15:37:43,524:INFO:app.py:imgtob64 Done
2023-07-02 15:37:43,524:INFO:app.py:imgtob64 Done
2023-07-02 15:37:49,590:INFO:app.py:imgtob64 Done
2023-07-02 15:37:49,590:INFO:app.py:imgtob64 Done
2023-07-02 15:37:49,590:INFO:app.py:imgtob64 Done
2023-07-02 15:37:49,590:INFO:app.py:imgtob64 Done
2023-07-02 15:37:52,106:INFO:app.py:Data saved in MongoDB
2023-07-02 15:37:52,106:INFO:app.py:Data saved in MongoDB
2023-07-02 15:37:52,106:INFO:app.py:Data saved in MongoDB
2023-07-02 15:37:52,106:INFO:app.py:Data saved in MongoDB
2023-07-02 15:40:45,129:INFO:app.py:Url hitted
2023-07-02 15:40:45,129:INFO:app.py:Url hitted
2023-07-02 15:40:45,129:INFO:app.py:Url hitted
2023-07-02 15:40:45,129:INFO:app.py:Url hitted
2023-07-02 15:40:45,129:INFO:app.py:Url hitted
2023-07-02 15:40:45,130:INFO:app.py:Search begins for jail
2023-07-02 15:40:45,130:INFO:app.py:Search begins for jail
2023-07-02 15:40:45,130:INFO:app.py:Search begins for jail
2023-07-02 15:40:45,130:INFO:app.py:Search begins for jail
2023-07-02 15:40:45,130:INFO:app.py:Search begins for jail
2023-07-02 15:40:50,029:INFO:app.py:Searching completed
2023-07-02 15:40:50,029:INFO:app.py:Searching completed
2023-07-02 15:40:50,029:INFO:app.py:Searching completed
2023-07-02 15:40:50,029:INFO:app.py:Searching completed
2023-07-02 15:40:50,029:INFO:app.py:Searching completed
2023-07-02 15:40:50,158:INFO:app.py:Summarization Done
2023-07-02 15:40:50,158:INFO:app.py:Summarization Done
2023-07-02 15:40:50,158:INFO:app.py:Summarization Done
2023-07-02 15:40:50,158:INFO:app.py:Summarization Done
2023-07-02 15:40:50,158:INFO:app.py:Summarization Done
2023-07-02 15:40:53,054:INFO:app.py:Ref_links Fetched
2023-07-02 15:40:53,054:INFO:app.py:Ref_links Fetched
2023-07-02 15:40:53,054:INFO:app.py:Ref_links Fetched
2023-07-02 15:40:53,054:INFO:app.py:Ref_links Fetched
2023-07-02 15:40:53,054:INFO:app.py:Ref_links Fetched
2023-07-02 15:40:53,238:INFO:app.py:Image_links Fetched
2023-07-02 15:40:53,238:INFO:app.py:Image_links Fetched
2023-07-02 15:40:53,238:INFO:app.py:Image_links Fetched
2023-07-02 15:40:53,238:INFO:app.py:Image_links Fetched
2023-07-02 15:40:53,238:INFO:app.py:Image_links Fetched
2023-07-02 15:41:04,170:INFO:app.py:imgtob64 Done
2023-07-02 15:41:04,170:INFO:app.py:imgtob64 Done
2023-07-02 15:41:04,170:INFO:app.py:imgtob64 Done
2023-07-02 15:41:04,170:INFO:app.py:imgtob64 Done
2023-07-02 15:41:04,170:INFO:app.py:imgtob64 Done
2023-07-02 15:41:11,140:INFO:app.py:Data saved in MongoDB
2023-07-02 15:41:11,140:INFO:app.py:Data saved in MongoDB
2023-07-02 15:41:11,140:INFO:app.py:Data saved in MongoDB
2023-07-02 15:41:11,140:INFO:app.py:Data saved in MongoDB
2023-07-02 15:41:11,140:INFO:app.py:Data saved in MongoDB
2023-07-02 15:41:32,705:INFO:app.py:Url hitted
2023-07-02 15:41:32,705:INFO:app.py:Url hitted
2023-07-02 15:41:32,705:INFO:app.py:Url hitted
2023-07-02 15:41:32,705:INFO:app.py:Url hitted
2023-07-02 15:41:32,705:INFO:app.py:Url hitted
2023-07-02 15:41:32,705:INFO:app.py:Url hitted
2023-07-02 15:41:32,706:INFO:app.py:Search begins for odisha
2023-07-02 15:41:32,706:INFO:app.py:Search begins for odisha
2023-07-02 15:41:32,706:INFO:app.py:Search begins for odisha
2023-07-02 15:41:32,706:INFO:app.py:Search begins for odisha
2023-07-02 15:41:32,706:INFO:app.py:Search begins for odisha
2023-07-02 15:41:32,706:INFO:app.py:Search begins for odisha
2023-07-02 15:41:37,285:INFO:app.py:Searching completed
2023-07-02 15:41:37,285:INFO:app.py:Searching completed
2023-07-02 15:41:37,285:INFO:app.py:Searching completed
2023-07-02 15:41:37,285:INFO:app.py:Searching completed
2023-07-02 15:41:37,285:INFO:app.py:Searching completed
2023-07-02 15:41:37,285:INFO:app.py:Searching completed
2023-07-02 15:41:37,363:INFO:app.py:Summarization Done
2023-07-02 15:41:37,363:INFO:app.py:Summarization Done
2023-07-02 15:41:37,363:INFO:app.py:Summarization Done
2023-07-02 15:41:37,363:INFO:app.py:Summarization Done
2023-07-02 15:41:37,363:INFO:app.py:Summarization Done
2023-07-02 15:41:37,363:INFO:app.py:Summarization Done
2023-07-02 15:41:40,269:INFO:app.py:Ref_links Fetched
2023-07-02 15:41:40,269:INFO:app.py:Ref_links Fetched
2023-07-02 15:41:40,269:INFO:app.py:Ref_links Fetched
2023-07-02 15:41:40,269:INFO:app.py:Ref_links Fetched
2023-07-02 15:41:40,269:INFO:app.py:Ref_links Fetched
2023-07-02 15:41:40,269:INFO:app.py:Ref_links Fetched
2023-07-02 15:41:40,628:INFO:app.py:Image_links Fetched
2023-07-02 15:41:40,628:INFO:app.py:Image_links Fetched
2023-07-02 15:41:40,628:INFO:app.py:Image_links Fetched
2023-07-02 15:41:40,628:INFO:app.py:Image_links Fetched
2023-07-02 15:41:40,628:INFO:app.py:Image_links Fetched
2023-07-02 15:41:40,628:INFO:app.py:Image_links Fetched
2023-07-02 15:42:06,214:INFO:app.py:imgtob64 Done
2023-07-02 15:42:06,214:INFO:app.py:imgtob64 Done
2023-07-02 15:42:06,214:INFO:app.py:imgtob64 Done
2023-07-02 15:42:06,214:INFO:app.py:imgtob64 Done
2023-07-02 15:42:06,214:INFO:app.py:imgtob64 Done
2023-07-02 15:42:06,214:INFO:app.py:imgtob64 Done
2023-07-02 15:42:09,463:INFO:app.py:Data saved in MongoDB
2023-07-02 15:42:09,463:INFO:app.py:Data saved in MongoDB
2023-07-02 15:42:09,463:INFO:app.py:Data saved in MongoDB
2023-07-02 15:42:09,463:INFO:app.py:Data saved in MongoDB
2023-07-02 15:42:09,463:INFO:app.py:Data saved in MongoDB
2023-07-02 15:42:09,463:INFO:app.py:Data saved in MongoDB
2023-07-02 15:55:27,149:INFO:app.py:Collection Already Present
2023-07-02 15:55:27,149:INFO:app.py:Collection Already Present
2023-07-02 15:55:27,149:INFO:app.py:Collection Already Present
2023-07-02 15:55:27,149:INFO:app.py:Collection Already Present
2023-07-02 15:55:34,297:INFO:app.py:Url hitted
2023-07-02 15:55:34,297:INFO:app.py:Url hitted
2023-07-02 15:55:34,297:INFO:app.py:Url hitted
2023-07-02 15:55:34,297:INFO:app.py:Url hitted
2023-07-02 15:55:34,299:INFO:app.py:Search begins for odisha
2023-07-02 15:55:34,299:INFO:app.py:Search begins for odisha
2023-07-02 15:55:34,299:INFO:app.py:Search begins for odisha
2023-07-02 15:55:34,299:INFO:app.py:Search begins for odisha
2023-07-02 15:55:38,747:INFO:app.py:Searching completed
2023-07-02 15:55:38,747:INFO:app.py:Searching completed
2023-07-02 15:55:38,747:INFO:app.py:Searching completed
2023-07-02 15:55:38,747:INFO:app.py:Searching completed
2023-07-02 15:55:38,859:INFO:app.py:Summarization Done
2023-07-02 15:55:38,859:INFO:app.py:Summarization Done
2023-07-02 15:55:38,859:INFO:app.py:Summarization Done
2023-07-02 15:55:38,859:INFO:app.py:Summarization Done
2023-07-02 15:55:40,008:INFO:app.py:Url hitted
2023-07-02 15:55:40,008:INFO:app.py:Url hitted
2023-07-02 15:55:40,008:INFO:app.py:Url hitted
2023-07-02 15:55:40,008:INFO:app.py:Url hitted
2023-07-02 15:55:40,008:INFO:app.py:Search begins for nokia
2023-07-02 15:55:40,008:INFO:app.py:Search begins for nokia
2023-07-02 15:55:40,008:INFO:app.py:Search begins for nokia
2023-07-02 15:55:40,008:INFO:app.py:Search begins for nokia
2023-07-02 15:55:43,170:INFO:app.py:Ref_links Fetched
2023-07-02 15:55:43,170:INFO:app.py:Ref_links Fetched
2023-07-02 15:55:43,170:INFO:app.py:Ref_links Fetched
2023-07-02 15:55:43,170:INFO:app.py:Ref_links Fetched
2023-07-02 15:55:43,836:INFO:app.py:Image_links Fetched
2023-07-02 15:55:43,836:INFO:app.py:Image_links Fetched
2023-07-02 15:55:43,836:INFO:app.py:Image_links Fetched
2023-07-02 15:55:43,836:INFO:app.py:Image_links Fetched
2023-07-02 15:55:46,183:INFO:app.py:Searching completed
2023-07-02 15:55:46,183:INFO:app.py:Searching completed
2023-07-02 15:55:46,183:INFO:app.py:Searching completed
2023-07-02 15:55:46,183:INFO:app.py:Searching completed
2023-07-02 15:55:46,302:INFO:app.py:Summarization Done
2023-07-02 15:55:46,302:INFO:app.py:Summarization Done
2023-07-02 15:55:46,302:INFO:app.py:Summarization Done
2023-07-02 15:55:46,302:INFO:app.py:Summarization Done
2023-07-02 15:55:48,621:INFO:app.py:Ref_links Fetched
2023-07-02 15:55:48,621:INFO:app.py:Ref_links Fetched
2023-07-02 15:55:48,621:INFO:app.py:Ref_links Fetched
2023-07-02 15:55:48,621:INFO:app.py:Ref_links Fetched
2023-07-02 15:55:49,001:INFO:app.py:Image_links Fetched
2023-07-02 15:55:49,001:INFO:app.py:Image_links Fetched
2023-07-02 15:55:49,001:INFO:app.py:Image_links Fetched
2023-07-02 15:55:49,001:INFO:app.py:Image_links Fetched
2023-07-02 15:56:11,066:INFO:app.py:imgtob64 Done
2023-07-02 15:56:11,066:INFO:app.py:imgtob64 Done
2023-07-02 15:56:11,066:INFO:app.py:imgtob64 Done
2023-07-02 15:56:11,066:INFO:app.py:imgtob64 Done
2023-07-02 15:56:13,909:INFO:app.py:Data saved in MongoDB
2023-07-02 15:56:13,909:INFO:app.py:Data saved in MongoDB
2023-07-02 15:56:13,909:INFO:app.py:Data saved in MongoDB
2023-07-02 15:56:13,909:INFO:app.py:Data saved in MongoDB
2023-07-02 15:56:13,966:INFO:app.py:imgtob64 Done
2023-07-02 15:56:13,966:INFO:app.py:imgtob64 Done
2023-07-02 15:56:13,966:INFO:app.py:imgtob64 Done
2023-07-02 15:56:13,966:INFO:app.py:imgtob64 Done
2023-07-02 15:56:16,381:INFO:app.py:Data saved in MongoDB
2023-07-02 15:56:16,381:INFO:app.py:Data saved in MongoDB
2023-07-02 15:56:16,381:INFO:app.py:Data saved in MongoDB
2023-07-02 15:56:16,381:INFO:app.py:Data saved in MongoDB
2023-07-02 15:56:48,626:INFO:app.py:Collection Already Present
2023-07-02 15:56:48,626:INFO:app.py:Collection Already Present
2023-07-02 15:56:48,626:INFO:app.py:Collection Already Present
2023-07-02 15:56:48,626:INFO:app.py:Collection Already Present
2023-07-02 15:56:48,626:INFO:app.py:Collection Already Present
2023-07-02 16:01:58,742:INFO:app.py:Url hitted
2023-07-02 16:01:58,742:INFO:app.py:Url hitted
2023-07-02 16:01:58,742:INFO:app.py:Url hitted
2023-07-02 16:01:58,742:INFO:app.py:Url hitted
2023-07-02 16:01:58,742:INFO:app.py:Search begins for india
2023-07-02 16:01:58,742:INFO:app.py:Search begins for india
2023-07-02 16:01:58,742:INFO:app.py:Search begins for india
2023-07-02 16:01:58,742:INFO:app.py:Search begins for india
2023-07-02 16:02:04,527:INFO:app.py:Searching completed
2023-07-02 16:02:04,527:INFO:app.py:Searching completed
2023-07-02 16:02:04,527:INFO:app.py:Searching completed
2023-07-02 16:02:04,527:INFO:app.py:Searching completed
2023-07-02 16:02:04,699:INFO:app.py:Summarization Done
2023-07-02 16:02:04,699:INFO:app.py:Summarization Done
2023-07-02 16:02:04,699:INFO:app.py:Summarization Done
2023-07-02 16:02:04,699:INFO:app.py:Summarization Done
2023-07-02 16:02:09,114:INFO:app.py:Ref_links Fetched
2023-07-02 16:02:09,114:INFO:app.py:Ref_links Fetched
2023-07-02 16:02:09,114:INFO:app.py:Ref_links Fetched
2023-07-02 16:02:09,114:INFO:app.py:Ref_links Fetched
2023-07-02 16:02:09,467:INFO:app.py:Image_links Fetched
2023-07-02 16:02:09,467:INFO:app.py:Image_links Fetched
2023-07-02 16:02:09,467:INFO:app.py:Image_links Fetched
2023-07-02 16:02:09,467:INFO:app.py:Image_links Fetched
2023-07-02 16:02:35,407:INFO:app.py:imgtob64 Done
2023-07-02 16:02:35,407:INFO:app.py:imgtob64 Done
2023-07-02 16:02:35,407:INFO:app.py:imgtob64 Done
2023-07-02 16:02:35,407:INFO:app.py:imgtob64 Done
2023-07-02 16:02:38,709:INFO:app.py:Data saved in MongoDB
2023-07-02 16:02:38,709:INFO:app.py:Data saved in MongoDB
2023-07-02 16:02:38,709:INFO:app.py:Data saved in MongoDB
2023-07-02 16:02:38,709:INFO:app.py:Data saved in MongoDB
2023-07-02 17:05:02,508:INFO:app.py:Url hitted
2023-07-02 17:05:02,508:INFO:app.py:Url hitted
2023-07-02 17:05:02,509:INFO:app.py:Search begins for kashmir
2023-07-02 17:05:02,509:INFO:app.py:Search begins for kashmir
2023-07-02 17:05:06,015:INFO:app.py:Searching completed
2023-07-02 17:05:06,015:INFO:app.py:Searching completed
2023-07-02 17:05:06,089:INFO:app.py:Summarization Done
2023-07-02 17:05:06,089:INFO:app.py:Summarization Done
2023-07-02 17:05:07,216:INFO:app.py:Ref_links Fetched
2023-07-02 17:05:07,216:INFO:app.py:Ref_links Fetched
2023-07-02 17:05:07,389:INFO:app.py:Image_links Fetched
2023-07-02 17:05:07,389:INFO:app.py:Image_links Fetched
2023-07-02 17:05:17,825:INFO:app.py:imgtob64 Done
2023-07-02 17:05:17,825:INFO:app.py:imgtob64 Done
2023-07-02 17:05:21,456:INFO:app.py:Data saved in MongoDB
2023-07-02 17:05:21,456:INFO:app.py:Data saved in MongoDB
